* Host marbleblast.com:443 was resolved.
* IPv6: (none)
* IPv4: 15.204.116.17
*   Trying 15.204.116.17:443...
* schannel: disabled automatic use of client certificate
* ALPN: curl offers http/1.1
* ALPN: server accepted http/1.1
* Connected to marbleblast.com (15.204.116.17) port 443
* using HTTP/1.x
> POST /pq/leader/api/crash HTTP/1.1
Host: marbleblast.com
User-Agent: PlatinumQuest-CrashReporter/1.0
Accept: */*
Content-Length: 971780
Content-Type: multipart/form-data; boundary=------------------------5PNyFkTwj0GJDblelAztu1

* schannel: remote party requests renegotiation
* schannel: renegotiating SSL/TLS connection
* schannel: SSL/TLS connection renegotiated
* schannel: remote party requests renegotiation
* schannel: renegotiating SSL/TLS connection
* schannel: SSL/TLS connection renegotiated
* upload completely sent off: 971780 bytes
< HTTP/1.1 200 OK
< Date: Wed, 07 Oct 2026 21:26:28 GMT
< Content-Type: text/plain;charset=utf-8
< Content-Length: 158
< Connection: keep-alive
< Server: nginx/1.24.0 (Ubuntu)
< 
* Connection #0 to host marbleblast.com left intact
curl result: 0 (No error)
http status: 200
bytes sent: 971780, received: 158
connect time: 0.082433s, total time: 0.875515s
measured upload speed: 1083.94 KB/s
